Road Hawk push-update
Target branch: Road-Hawk
Syncing version metadata...
Synced Road Hawk version 0.1.0 to web metadata.
Running pytest...
..........                                                               [100%]
============================== warnings summary ===============================
C:\Users\tonyz\AppData\Local\Packages\PythonSoftwareFoundation.Python.3.13_qbz5n2kfra8p0\LocalCache\local-packages\Python313\site-packages\fastapi\testclient.py:1
  C:\Users\tonyz\AppData\Local\Packages\PythonSoftwareFoundation.Python.3.13_qbz5n2kfra8p0\LocalCache\local-packages\Python313\site-packages\fastapi\testclient.py:1: StarletteDeprecationWarning: Using `httpx` with `starlette.testclient` is deprecated; install `httpx2` instead.
    from starlette.testclient import TestClient as TestClient  # noqa

src\road_hawk\api.py:78
  D:\GitHub ACTIVE STWL BUSINESS FILES\Road-Hawk-Version-0.0.2\src\road_hawk\api.py:78: DeprecationWarning: 
          on_event is deprecated, use lifespan event handlers instead.
  
          Read more about it in the
          [FastAPI docs for Lifespan Events](https://fastapi.tiangolo.com/advanced/events/).
          
    @app.on_event("startup")

C:\Users\tonyz\AppData\Local\Packages\PythonSoftwareFoundation.Python.3.13_qbz5n2kfra8p0\LocalCache\local-packages\Python313\site-packages\fastapi\applications.py:4675
  C:\Users\tonyz\AppData\Local\Packages\PythonSoftwareFoundation.Python.3.13_qbz5n2kfra8p0\LocalCache\local-packages\Python313\site-packages\fastapi\applications.py:4675: DeprecationWarning: 
          on_event is deprecated, use lifespan event handlers instead.
  
          Read more about it in the
          [FastAPI docs for Lifespan Events](https://fastapi.tiangolo.com/advanced/events/).
          
    return self.router.on_event(event_type)  # ty: ignore[deprecated]

-- Docs: https://docs.pytest.org/en/stable/how-to/capture-warnings.html
10 passed, 3 warnings in 1.07s
Building web dashboard with Node at C:\Program Files\nodejs...
v24.18.0
Web npm workdir: C:\rh-web -> D:\GitHub ACTIVE STWL BUSINESS FILES\Road-Hawk-Version-0.0.2\web
Existing web dependencies look healthy; skipping npm ci.
Running next build via C:\rh-web\node_modules\.bin\next.cmd
   ▲ Next.js 15.5.18
   - Environments: .env.local

   Creating an optimized production build ...
 ✓ Compiled successfully in 1979ms
   Linting and checking validity of types ...
   Collecting page data ...
   Generating static pages (0/4) ...
   Generating static pages (1/4) 
   Generating static pages (2/4) 
   Generating static pages (3/4) 
 ✓ Generating static pages (4/4)
   Finalizing page optimization ...
   Collecting build traces ...

Route (app)                                 Size  First Load JS
┌ ƒ /                                      127 B         103 kB
├ ○ /_not-found                            993 B         103 kB
├ ƒ /documents                           3.28 kB         109 kB
├ ƒ /fleet                               1.39 kB         104 kB
├ ƒ /maintenance                         1.31 kB         104 kB
├ ○ /privacy                               127 B         103 kB
└ ƒ /trips                               1.71 kB         104 kB
+ First Load JS shared by all             102 kB
  ├ chunks/255-4f84124391a7dac4.js       46.2 kB
  ├ chunks/4bd1b696-c023c6e3521b1417.js  54.2 kB
  └ other shared chunks (total)          1.99 kB


○  (Static)   prerendered as static content
ƒ  (Dynamic)  server-rendered on demand

Staging changes...
 M .gitignore
 M README.md
 M src/road_hawk/api.py
 M src/road_hawk/branding.py
 M src/road_hawk/cli.py
 M tests/test_api.py
 M web/app/privacy/page.tsx
 M web/components/AppFooter.tsx
 M web/components/Sidebar.tsx
 M web/lib/branding.ts
?? push-update-dryrun.err
?? push-update-dryrun.log
?? web/components/ContactBlock.tsx
Dry run: would commit with message: Preview release dry run
Dry run: would push to origin/Road-Hawk
