Road Hawk package update
Repository: D:\GitHub ACTIVE STWL BUSINESS FILES\Road-Hawk-Version-0.0.2
Fetching and pulling origin/Road-Hawk...
Already up to date.
Syncing version metadata...
Synced Road Hawk version 0.1.0 to web metadata.
Syncing STWL brand assets...
Synced STWL logo from D:\STWL to web/public/brand/stwl-logo.png
Reinstalling Python package [dev]...
Defaulting to user installation because normal site-packages is not writeable
Obtaining file:///D:/GitHub%20ACTIVE%20STWL%20BUSINESS%20FILES/Road-Hawk-Version-0.0.2
  Installing build dependencies: started
  Installing build dependencies: finished with status 'done'
  Checking if build backend supports build_editable: started
  Checking if build backend supports build_editable: finished with status 'done'
  Getting requirements to build editable: started
  Getting requirements to build editable: finished with status 'done'
  Preparing editable metadata (pyproject.toml): started
  Preparing editable metadata (pyproject.toml): finished with status 'done'
Requirement already satisfied: fastapi>=0.115.0 in C:\Users\tonyz\AppData\Local\Packages\PythonSoftwareFoundation.Python.3.13_qbz5n2kfra8p0\LocalCache\local-packages\Python313\site-packages (from road-hawk==0.1.0) (0.139.0)
Requirement already satisfied: uvicorn>=0.32.0 in C:\Users\tonyz\AppData\Local\Packages\PythonSoftwareFoundation.Python.3.13_qbz5n2kfra8p0\LocalCache\local-packages\Python313\site-packages (from uvicorn[standard]>=0.32.0->road-hawk==0.1.0) (0.50.2)
Requirement already satisfied: python-multipart>=0.0.9 in C:\Users\tonyz\AppData\Local\Packages\PythonSoftwareFoundation.Python.3.13_qbz5n2kfra8p0\LocalCache\local-packages\Python313\site-packages (from road-hawk==0.1.0) (0.0.32)
Requirement already satisfied: pypdf>=5.0.0 in C:\Users\tonyz\AppData\Local\Packages\PythonSoftwareFoundation.Python.3.13_qbz5n2kfra8p0\LocalCache\local-packages\Python313\site-packages (from road-hawk==0.1.0) (6.14.2)
Requirement already satisfied: Pillow>=10.0.0 in C:\Users\tonyz\AppData\Local\Packages\PythonSoftwareFoundation.Python.3.13_qbz5n2kfra8p0\LocalCache\local-packages\Python313\site-packages (from road-hawk==0.1.0) (12.3.0)
Requirement already satisfied: pytest>=8.0 in C:\Users\tonyz\AppData\Local\Packages\PythonSoftwareFoundation.Python.3.13_qbz5n2kfra8p0\LocalCache\local-packages\Python313\site-packages (from road-hawk==0.1.0) (9.1.1)
Requirement already satisfied: httpx>=0.27 in C:\Users\tonyz\AppData\Local\Packages\PythonSoftwareFoundation.Python.3.13_qbz5n2kfra8p0\LocalCache\local-packages\Python313\site-packages (from road-hawk==0.1.0) (0.28.1)
Requirement already satisfied: starlette>=0.46.0 in C:\Users\tonyz\AppData\Local\Packages\PythonSoftwareFoundation.Python.3.13_qbz5n2kfra8p0\LocalCache\local-packages\Python313\site-packages (from fastapi>=0.115.0->road-hawk==0.1.0) (1.3.1)
Requirement already satisfied: pydantic>=2.9.0 in C:\Users\tonyz\AppData\Local\Packages\PythonSoftwareFoundation.Python.3.13_qbz5n2kfra8p0\LocalCache\local-packages\Python313\site-packages (from fastapi>=0.115.0->road-hawk==0.1.0) (2.13.4)
Requirement already satisfied: typing-extensions>=4.8.0 in C:\Users\tonyz\AppData\Local\Packages\PythonSoftwareFoundation.Python.3.13_qbz5n2kfra8p0\LocalCache\local-packages\Python313\site-packages (from fastapi>=0.115.0->road-hawk==0.1.0) (4.15.0)
Requirement already satisfied: typing-inspection>=0.4.2 in C:\Users\tonyz\AppData\Local\Packages\PythonSoftwareFoundation.Python.3.13_qbz5n2kfra8p0\LocalCache\local-packages\Python313\site-packages (from fastapi>=0.115.0->road-hawk==0.1.0) (0.4.2)
Requirement already satisfied: annotated-doc>=0.0.2 in C:\Users\tonyz\AppData\Local\Packages\PythonSoftwareFoundation.Python.3.13_qbz5n2kfra8p0\LocalCache\local-packages\Python313\site-packages (from fastapi>=0.115.0->road-hawk==0.1.0) (0.0.4)
Requirement already satisfied: anyio in C:\Users\tonyz\AppData\Local\Packages\PythonSoftwareFoundation.Python.3.13_qbz5n2kfra8p0\LocalCache\local-packages\Python313\site-packages (from httpx>=0.27->road-hawk==0.1.0) (4.14.1)
Requirement already satisfied: certifi in C:\Users\tonyz\AppData\Local\Packages\PythonSoftwareFoundation.Python.3.13_qbz5n2kfra8p0\LocalCache\local-packages\Python313\site-packages (from httpx>=0.27->road-hawk==0.1.0) (2026.6.17)
Requirement already satisfied: httpcore==1.* in C:\Users\tonyz\AppData\Local\Packages\PythonSoftwareFoundation.Python.3.13_qbz5n2kfra8p0\LocalCache\local-packages\Python313\site-packages (from httpx>=0.27->road-hawk==0.1.0) (1.0.9)
Requirement already satisfied: idna in C:\Users\tonyz\AppData\Local\Packages\PythonSoftwareFoundation.Python.3.13_qbz5n2kfra8p0\LocalCache\local-packages\Python313\site-packages (from httpx>=0.27->road-hawk==0.1.0) (3.18)
Requirement already satisfied: h11>=0.16 in C:\Users\tonyz\AppData\Local\Packages\PythonSoftwareFoundation.Python.3.13_qbz5n2kfra8p0\LocalCache\local-packages\Python313\site-packages (from httpcore==1.*->httpx>=0.27->road-hawk==0.1.0) (0.16.0)
Requirement already satisfied: annotated-types>=0.6.0 in C:\Users\tonyz\AppData\Local\Packages\PythonSoftwareFoundation.Python.3.13_qbz5n2kfra8p0\LocalCache\local-packages\Python313\site-packages (from pydantic>=2.9.0->fastapi>=0.115.0->road-hawk==0.1.0) (0.7.0)
Requirement already satisfied: pydantic-core==2.46.4 in C:\Users\tonyz\AppData\Local\Packages\PythonSoftwareFoundation.Python.3.13_qbz5n2kfra8p0\LocalCache\local-packages\Python313\site-packages (from pydantic>=2.9.0->fastapi>=0.115.0->road-hawk==0.1.0) (2.46.4)
Requirement already satisfied: colorama>=0.4 in C:\Users\tonyz\AppData\Local\Packages\PythonSoftwareFoundation.Python.3.13_qbz5n2kfra8p0\LocalCache\local-packages\Python313\site-packages (from pytest>=8.0->road-hawk==0.1.0) (0.4.6)
Requirement already satisfied: iniconfig>=1.0.1 in C:\Users\tonyz\AppData\Local\Packages\PythonSoftwareFoundation.Python.3.13_qbz5n2kfra8p0\LocalCache\local-packages\Python313\site-packages (from pytest>=8.0->road-hawk==0.1.0) (2.3.0)
Requirement already satisfied: packaging>=22 in C:\Users\tonyz\AppData\Local\Packages\PythonSoftwareFoundation.Python.3.13_qbz5n2kfra8p0\LocalCache\local-packages\Python313\site-packages (from pytest>=8.0->road-hawk==0.1.0) (26.2)
Requirement already satisfied: pluggy<2,>=1.5 in C:\Users\tonyz\AppData\Local\Packages\PythonSoftwareFoundation.Python.3.13_qbz5n2kfra8p0\LocalCache\local-packages\Python313\site-packages (from pytest>=8.0->road-hawk==0.1.0) (1.6.0)
Requirement already satisfied: pygments>=2.7.2 in C:\Users\tonyz\AppData\Local\Packages\PythonSoftwareFoundation.Python.3.13_qbz5n2kfra8p0\LocalCache\local-packages\Python313\site-packages (from pytest>=8.0->road-hawk==0.1.0) (2.20.0)
Requirement already satisfied: click>=7.0 in C:\Users\tonyz\AppData\Local\Packages\PythonSoftwareFoundation.Python.3.13_qbz5n2kfra8p0\LocalCache\local-packages\Python313\site-packages (from uvicorn>=0.32.0->uvicorn[standard]>=0.32.0->road-hawk==0.1.0) (8.4.2)
Requirement already satisfied: httptools>=0.8.0 in C:\Users\tonyz\AppData\Local\Packages\PythonSoftwareFoundation.Python.3.13_qbz5n2kfra8p0\LocalCache\local-packages\Python313\site-packages (from uvicorn[standard]>=0.32.0->road-hawk==0.1.0) (0.8.0)
Requirement already satisfied: python-dotenv>=0.13 in C:\Users\tonyz\AppData\Local\Packages\PythonSoftwareFoundation.Python.3.13_qbz5n2kfra8p0\LocalCache\local-packages\Python313\site-packages (from uvicorn[standard]>=0.32.0->road-hawk==0.1.0) (1.2.2)
Requirement already satisfied: pyyaml>=5.1 in C:\Users\tonyz\AppData\Local\Packages\PythonSoftwareFoundation.Python.3.13_qbz5n2kfra8p0\LocalCache\local-packages\Python313\site-packages (from uvicorn[standard]>=0.32.0->road-hawk==0.1.0) (6.0.3)
Requirement already satisfied: watchfiles>=0.20 in C:\Users\tonyz\AppData\Local\Packages\PythonSoftwareFoundation.Python.3.13_qbz5n2kfra8p0\LocalCache\local-packages\Python313\site-packages (from uvicorn[standard]>=0.32.0->road-hawk==0.1.0) (1.2.0)
Requirement already satisfied: websockets>=13.0 in C:\Users\tonyz\AppData\Local\Packages\PythonSoftwareFoundation.Python.3.13_qbz5n2kfra8p0\LocalCache\local-packages\Python313\site-packages (from uvicorn[standard]>=0.32.0->road-hawk==0.1.0) (16.0)
Building wheels for collected packages: road-hawk
  Building editable for road-hawk (pyproject.toml): started
  Building editable for road-hawk (pyproject.toml): finished with status 'done'
  Created wheel for road-hawk: filename=road_hawk-0.1.0-0.editable-py3-none-any.whl size=5921 sha256=a5e238e05dae414a45527ab1fb1b453a9517a02c937eec9c44178d3024ef57bc
  Stored in directory: C:\Users\tonyz\AppData\Local\Temp\pip-ephem-wheel-cache-b1ib1q9p\wheels\56\fe\ae\31a5f283e5b7c2b8f614967e04aaddcdfa03092ab80db7deec
Successfully built road-hawk
Installing collected packages: road-hawk
  Attempting uninstall: road-hawk
    Found existing installation: road-hawk 0.1.0
    Uninstalling road-hawk-0.1.0:
      Successfully uninstalled road-hawk-0.1.0
Successfully installed road-hawk-0.1.0
Refreshing web dependencies with Node at C:\Program Files\nodejs...
Web npm workdir: C:\rh-web -> D:\GitHub ACTIVE STWL BUSINESS FILES\Road-Hawk-Version-0.0.2\web
Existing web dependencies look healthy; skipping npm ci.
Running next build via C:\rh-web\node_modules\.bin\next.cmd
   ▲ Next.js 15.5.18
   - Environments: .env.local

   Creating an optimized production build ...
 ✓ Compiled successfully in 1807ms
   Linting and checking validity of types ...
   Collecting page data ...
   Generating static pages (0/4) ...
   Generating static pages (1/4) 
   Generating static pages (2/4) 
   Generating static pages (3/4) 
 ✓ Generating static pages (4/4)
   Finalizing page optimization ...
   Collecting build traces ...

Route (app)                                 Size  First Load JS
┌ ƒ /                                      127 B         103 kB
├ ○ /_not-found                            993 B         103 kB
├ ƒ /documents                           3.28 kB         109 kB
├ ƒ /fleet                               1.39 kB         104 kB
├ ƒ /maintenance                         1.31 kB         104 kB
├ ○ /privacy                               127 B         103 kB
└ ƒ /trips                               1.71 kB         104 kB
+ First Load JS shared by all             102 kB
  ├ chunks/255-4f84124391a7dac4.js       46.2 kB
  ├ chunks/4bd1b696-c023c6e3521b1417.js  54.2 kB
  └ other shared chunks (total)          1.99 kB


○  (Static)   prerendered as static content
ƒ  (Dynamic)  server-rendered on demand

Running pytest...
..........                                                               [100%]
============================== warnings summary ===============================
C:\Users\tonyz\AppData\Local\Packages\PythonSoftwareFoundation.Python.3.13_qbz5n2kfra8p0\LocalCache\local-packages\Python313\site-packages\fastapi\testclient.py:1
  C:\Users\tonyz\AppData\Local\Packages\PythonSoftwareFoundation.Python.3.13_qbz5n2kfra8p0\LocalCache\local-packages\Python313\site-packages\fastapi\testclient.py:1: StarletteDeprecationWarning: Using `httpx` with `starlette.testclient` is deprecated; install `httpx2` instead.
    from starlette.testclient import TestClient as TestClient  # noqa

src\road_hawk\api.py:78
  D:\GitHub ACTIVE STWL BUSINESS FILES\Road-Hawk-Version-0.0.2\src\road_hawk\api.py:78: DeprecationWarning: 
          on_event is deprecated, use lifespan event handlers instead.
  
          Read more about it in the
          [FastAPI docs for Lifespan Events](https://fastapi.tiangolo.com/advanced/events/).
          
    @app.on_event("startup")

C:\Users\tonyz\AppData\Local\Packages\PythonSoftwareFoundation.Python.3.13_qbz5n2kfra8p0\LocalCache\local-packages\Python313\site-packages\fastapi\applications.py:4675
  C:\Users\tonyz\AppData\Local\Packages\PythonSoftwareFoundation.Python.3.13_qbz5n2kfra8p0\LocalCache\local-packages\Python313\site-packages\fastapi\applications.py:4675: DeprecationWarning: 
          on_event is deprecated, use lifespan event handlers instead.
  
          Read more about it in the
          [FastAPI docs for Lifespan Events](https://fastapi.tiangolo.com/advanced/events/).
          
    return self.router.on_event(event_type)  # ty: ignore[deprecated]

-- Docs: https://docs.pytest.org/en/stable/how-to/capture-warnings.html
10 passed, 3 warnings in 0.98s

Update complete: {"version": "0.1.0", "git_revision": "8e57542"}
Restart services if they are already running:
  API:  .\scripts\start-api.ps1
  Web:  .\scripts\start-web.ps1
  Prod: cd web; npm run start
